#! /c/iverilog/bin/vvp
:ivl_version "0.9.7 " "(v0_9_7)";
:vpi_time_precision - 12;
:vpi_module "system";
:vpi_module "v2005_math";
:vpi_module "va_math";
S_012693A0 .scope module, "tb_gpio" "tb_gpio" 2 16;
 .timescale -9 -12;
v0129A360_0 .var "clk", 0 0;
v012D6F68_0 .var/i "fail_count", 31 0;
v012D72D8_0 .net "gpio_out", 31 0, L_012A7288; 1 drivers
v012D70C8_0 .net "gpio_rdata", 31 0, L_012D7070; 1 drivers
v012D74E8_0 .var "isIO", 0 0;
v012D7120_0 .var "mem_wdata", 31 0;
v012D76A0_0 .var "mem_wordaddr", 29 0;
v012D6D58_0 .var "mem_wstrb", 0 0;
v012D6E08_0 .var/i "pass_count", 31 0;
v012D6E60_0 .var "resetn", 0 0;
S_01269648 .scope task, "check_gpio" "check_gpio" 2 90, 2 90, S_012693A0;
 .timescale -9 -12;
v0129A888_0 .var "expected", 31 0;
v0129A308_0 .var "test_num", 63 0;
TD_tb_gpio.check_gpio ;
    %movi 8, 8, 30;
    %set/v v012D76A0_0, 8, 30;
    %set/v v012D74E8_0, 1, 1;
    %set/v v012D6D58_0, 0, 1;
    %delay 1000, 0;
    %vpi_call 2 101 "$write", "Test %0d | wrote 0x%08X | gpio_out=0x%08X | gpio_rdata=0x%08X | ", v0129A308_0, v0129A888_0, v012D72D8_0, v012D70C8_0;
    %load/v 8, v012D72D8_0, 32;
    %load/v 40, v0129A888_0, 32;
    %cmp/u 8, 40, 32;
    %mov 8, 6, 1;
    %load/v 9, v012D70C8_0, 32;
    %load/v 41, v0129A888_0, 32;
    %cmp/u 9, 41, 32;
    %mov 9, 6, 1;
    %and 8, 9, 1;
    %jmp/0xz  T_0.0, 8;
    %vpi_call 2 105 "$display", "PASS";
    %load/v 8, v012D6E08_0, 32;
    %mov 40, 39, 1;
    %addi 8, 1, 33;
    %set/v v012D6E08_0, 8, 32;
    %jmp T_0.1;
T_0.0 ;
    %vpi_call 2 108 "$display", "FAIL  *** expected 0x%08X ***", v0129A888_0;
    %load/v 8, v012D6F68_0, 32;
    %mov 40, 39, 1;
    %addi 8, 1, 33;
    %set/v v012D6F68_0, 8, 32;
T_0.1 ;
    %set/v v012D74E8_0, 0, 1;
    %end;
S_01269868 .scope task, "gpio_write" "gpio_write" 2 72, 2 72, S_012693A0;
 .timescale -9 -12;
v0129A8E0_0 .var "data", 31 0;
E_01297AB8 .event negedge, v0129A5C8_0;
TD_tb_gpio.gpio_write ;
    %wait E_01297AB8;
    %movi 8, 8, 30;
    %set/v v012D76A0_0, 8, 30;
    %set/v v012D74E8_0, 1, 1;
    %set/v v012D6D58_0, 1, 1;
    %load/v 8, v0129A8E0_0, 32;
    %set/v v012D7120_0, 8, 32;
    %wait E_01297E58;
    %delay 1000, 0;
    %set/v v012D6D58_0, 0, 1;
    %set/v v012D74E8_0, 0, 1;
    %end;
S_01269428 .scope module, "DUT" "gpio_ip" 2 40, 3 26, S_012693A0;
 .timescale -9 -12;
P_01297FFC .param/l "IO_GPIO_bit" 3 50, +C4<011>;
L_012A7020 .functor AND 1, v012D74E8_0, v012D6D58_0, C4<1>, C4<1>;
L_012A7250 .functor AND 1, L_012A7020, L_012D7438, C4<1>, C4<1>;
L_012A6F78 .functor NOT 1, v012D6D58_0, C4<0>, C4<0>, C4<0>;
L_012A7598 .functor AND 1, v012D74E8_0, L_012A6F78, C4<1>, C4<1>;
L_012A7058 .functor AND 1, L_012A7598, L_012D7388, C4<1>, C4<1>;
L_012A7288 .functor BUFZ 32, v0129A620_0, C4<00000000000000000000000000000000>, C4<00000000000000000000000000000000>, C4<00000000000000000000000000000000>;
v0129A9E8_0 .net *"_s0", 0 0, L_012A7020; 1 drivers
v0129A6D0_0 .net *"_s11", 0 0, L_012D7388; 1 drivers
v0129A468_0 .net *"_s15", 0 0, L_012D7490; 1 drivers
v0129A990_0 .net *"_s16", 31 0, C4<00000000000000000000000000000000>; 1 drivers
v0129A678_0 .net *"_s3", 0 0, L_012D7438; 1 drivers
v0129A410_0 .net *"_s6", 0 0, L_012A6F78; 1 drivers
v0129A7D8_0 .net *"_s8", 0 0, L_012A7598; 1 drivers
v0129A5C8_0 .net "clk", 0 0, v0129A360_0; 1 drivers
v0129A728_0 .alias "gpio_out", 31 0, v012D72D8_0;
v0129A4C0_0 .alias "gpio_rdata", 31 0, v012D70C8_0;
v0129A620_0 .var "gpio_reg", 31 0;
v0129A830_0 .net "gpio_sel_r", 0 0, L_012A7058; 1 drivers
v0129A3B8_0 .net "gpio_sel_w", 0 0, L_012A7250; 1 drivers
v0129AA40_0 .net "isIO", 0 0, v012D74E8_0; 1 drivers
v0129A780_0 .net "mem_wdata", 31 0, v012D7120_0; 1 drivers
v0129A518_0 .net "mem_wordaddr", 29 0, v012D76A0_0; 1 drivers
v0129A570_0 .net "mem_wstrb", 0 0, v012D6D58_0; 1 drivers
v0129A938_0 .net "resetn", 0 0, v012D6E60_0; 1 drivers
E_01297E58 .event posedge, v0129A5C8_0;
L_012D7438 .part v012D76A0_0, 3, 1;
L_012D7388 .part v012D76A0_0, 3, 1;
L_012D7490 .part v012D76A0_0, 3, 1;
L_012D7070 .functor MUXZ 32, C4<00000000000000000000000000000000>, v0129A620_0, L_012D7490, C4<>;
    .scope S_01269428;
T_2 ;
    %wait E_01297E58;
    %load/v 8, v0129A938_0, 1;
    %inv 8, 1;
    %jmp/0xz  T_2.0, 8;
    %ix/load 0, 32, 0;
    %assign/v0 v0129A620_0, 0, 0;
    %jmp T_2.1;
T_2.0 ;
    %load/v 8, v0129A3B8_0, 1;
    %jmp/0xz  T_2.2, 8;
    %load/v 8, v0129A780_0, 32;
    %ix/load 0, 32, 0;
    %assign/v0 v0129A620_0, 0, 8;
T_2.2 ;
T_2.1 ;
    %jmp T_2;
    .thread T_2;
    .scope S_012693A0;
T_3 ;
    %set/v v0129A360_0, 0, 1;
    %end;
    .thread T_3;
    .scope S_012693A0;
T_4 ;
    %set/v v012D6E60_0, 0, 1;
    %end;
    .thread T_4;
    .scope S_012693A0;
T_5 ;
    %delay 5000, 0;
    %load/v 8, v0129A360_0, 1;
    %inv 8, 1;
    %set/v v0129A360_0, 8, 1;
    %jmp T_5;
    .thread T_5;
    .scope S_012693A0;
T_6 ;
    %vpi_call 2 56 "$dumpfile", "gpio_wave.vcd";
    %vpi_call 2 57 "$dumpvars", 1'sb0, S_012693A0;
    %end;
    .thread T_6;
    .scope S_012693A0;
T_7 ;
    %set/v v012D6E08_0, 0, 32;
    %end;
    .thread T_7;
    .scope S_012693A0;
T_8 ;
    %set/v v012D6F68_0, 0, 32;
    %end;
    .thread T_8;
    .scope S_012693A0;
T_9 ;
    %set/v v012D76A0_0, 0, 30;
    %set/v v012D74E8_0, 0, 1;
    %set/v v012D6D58_0, 0, 1;
    %set/v v012D7120_0, 0, 32;
    %set/v v012D6E60_0, 0, 1;
    %movi 8, 4, 4;
T_9.0 %cmp/s 0, 8, 4;
    %jmp/0xz T_9.1, 5;
    %add 8, 1, 4;
    %wait E_01297E58;
    %jmp T_9.0;
T_9.1 ;
    %set/v v012D6E60_0, 1, 1;
    %movi 8, 2, 3;
T_9.2 %cmp/s 0, 8, 3;
    %jmp/0xz T_9.3, 5;
    %add 8, 1, 3;
    %wait E_01297E58;
    %jmp T_9.2;
T_9.3 ;
    %vpi_call 2 132 "$display", "============================================";
    %vpi_call 2 133 "$display", "   GPIO IP Testbench \342\200\224 Starting Tests";
    %vpi_call 2 134 "$display", "============================================";
    %vpi_call 2 137 "$write", "Reset check  | gpio_out after reset = 0x%08X | ", v012D72D8_0;
    %load/v 8, v012D72D8_0, 32;
    %cmpi/u 8, 0, 32;
    %jmp/0xz  T_9.4, 6;
    %vpi_call 2 139 "$display", "PASS (cleared to 0)";
    %load/v 8, v012D6E08_0, 32;
    %mov 40, 39, 1;
    %addi 8, 1, 33;
    %set/v v012D6E08_0, 8, 32;
    %jmp T_9.5;
T_9.4 ;
    %vpi_call 2 142 "$display", "FAIL (expected 0x00000000)";
    %load/v 8, v012D6F68_0, 32;
    %mov 40, 39, 1;
    %addi 8, 1, 33;
    %set/v v012D6F68_0, 8, 32;
T_9.5 ;
    %set/v v0129A8E0_0, 0, 32;
    %fork TD_tb_gpio.gpio_write, S_01269868;
    %join;
    %set/v v0129A888_0, 0, 32;
    %movi 8, 1, 64;
    %set/v v0129A308_0, 8, 64;
    %fork TD_tb_gpio.check_gpio, S_01269648;
    %join;
    %set/v v0129A8E0_0, 1, 32;
    %fork TD_tb_gpio.gpio_write, S_01269868;
    %join;
    %set/v v0129A888_0, 1, 32;
    %movi 8, 2, 64;
    %set/v v0129A308_0, 8, 64;
    %fork TD_tb_gpio.check_gpio, S_01269648;
    %join;
    %movi 8, 1, 32;
    %set/v v0129A8E0_0, 8, 32;
    %fork TD_tb_gpio.gpio_write, S_01269868;
    %join;
    %movi 8, 1, 32;
    %set/v v0129A888_0, 8, 32;
    %movi 8, 3, 64;
    %set/v v0129A308_0, 8, 64;
    %fork TD_tb_gpio.check_gpio, S_01269648;
    %join;
    %movi 8, 2147483648, 32;
    %set/v v0129A8E0_0, 8, 32;
    %fork TD_tb_gpio.gpio_write, S_01269868;
    %join;
    %movi 8, 2147483648, 32;
    %set/v v0129A888_0, 8, 32;
    %movi 8, 4, 64;
    %set/v v0129A308_0, 8, 64;
    %fork TD_tb_gpio.check_gpio, S_01269648;
    %join;
    %movi 8, 2863311530, 32;
    %set/v v0129A8E0_0, 8, 32;
    %fork TD_tb_gpio.gpio_write, S_01269868;
    %join;
    %movi 8, 2863311530, 32;
    %set/v v0129A888_0, 8, 32;
    %movi 8, 5, 64;
    %set/v v0129A308_0, 8, 64;
    %fork TD_tb_gpio.check_gpio, S_01269648;
    %join;
    %movi 8, 1431655765, 32;
    %set/v v0129A8E0_0, 8, 32;
    %fork TD_tb_gpio.gpio_write, S_01269868;
    %join;
    %movi 8, 1431655765, 32;
    %set/v v0129A888_0, 8, 32;
    %movi 8, 6, 64;
    %set/v v0129A308_0, 8, 64;
    %fork TD_tb_gpio.check_gpio, S_01269648;
    %join;
    %movi 8, 3735928559, 32;
    %set/v v0129A8E0_0, 8, 32;
    %fork TD_tb_gpio.gpio_write, S_01269868;
    %join;
    %movi 8, 3735928559, 32;
    %set/v v0129A888_0, 8, 32;
    %movi 8, 7, 64;
    %set/v v0129A308_0, 8, 64;
    %fork TD_tb_gpio.check_gpio, S_01269648;
    %join;
    %movi 8, 3405691582, 32;
    %set/v v0129A8E0_0, 8, 32;
    %fork TD_tb_gpio.gpio_write, S_01269868;
    %join;
    %movi 8, 305419896, 32;
    %set/v v0129A8E0_0, 8, 32;
    %fork TD_tb_gpio.gpio_write, S_01269868;
    %join;
    %movi 8, 305419896, 32;
    %set/v v0129A888_0, 8, 32;
    %movi 8, 8, 64;
    %set/v v0129A308_0, 8, 64;
    %fork TD_tb_gpio.check_gpio, S_01269648;
    %join;
    %wait E_01297AB8;
    %movi 8, 8, 30;
    %set/v v012D76A0_0, 8, 30;
    %set/v v012D74E8_0, 0, 1;
    %set/v v012D6D58_0, 1, 1;
    %movi 8, 3134241488, 32;
    %set/v v012D7120_0, 8, 32;
    %wait E_01297E58;
    %delay 1000, 0;
    %set/v v012D6D58_0, 0, 1;
    %vpi_call 2 191 "$write", "Test 9  | isIO=0 write ignored check  | gpio_out=0x%08X | ", v012D72D8_0;
    %load/v 8, v012D72D8_0, 32;
    %movi 40, 305419896, 32;
    %cmp/u 8, 40, 32;
    %jmp/0xz  T_9.6, 6;
    %vpi_call 2 193 "$display", "PASS (register unchanged)";
    %load/v 8, v012D6E08_0, 32;
    %mov 40, 39, 1;
    %addi 8, 1, 33;
    %set/v v012D6E08_0, 8, 32;
    %jmp T_9.7;
T_9.6 ;
    %vpi_call 2 196 "$display", "FAIL (register was incorrectly overwritten!)";
    %load/v 8, v012D6F68_0, 32;
    %mov 40, 39, 1;
    %addi 8, 1, 33;
    %set/v v012D6F68_0, 8, 32;
T_9.7 ;
    %movi 8, 2, 3;
T_9.8 %cmp/s 0, 8, 3;
    %jmp/0xz T_9.9, 5;
    %add 8, 1, 3;
    %wait E_01297E58;
    %jmp T_9.8;
T_9.9 ;
    %vpi_call 2 202 "$display", "============================================";
    %vpi_call 2 203 "$display", "   Results: %0d PASSED,  %0d FAILED", v012D6E08_0, v012D6F68_0;
    %vpi_call 2 204 "$display", "   Waveform saved to: gpio_wave.vcd";
    %vpi_call 2 205 "$display", "============================================";
    %vpi_call 2 207 "$finish";
    %end;
    .thread T_9;
    .scope S_012693A0;
T_10 ;
    %delay 10000000, 0;
    %vpi_call 2 215 "$display", "TIMEOUT \342\200\224 simulation exceeded 10us";
    %vpi_call 2 216 "$finish";
    %end;
    .thread T_10;
# The file index is used to find the file name in the following table.
:file_names 4;
    "N/A";
    "<interactive>";
    "tb_gpio.v";
    "./gpio_ip.v";
